// Jest Snapshot v1, https://goo.gl/fbAQLP

exports[`renders ReviewSkeleton 1`] = `
<div
  className="css-1r10mqi-SkeletonTheme"
>
  <div
    className="jumbotron p-3 p-md-5 rounded"
  >
    <div
      className="px-0"
    >
      <h1
        className="display-4"
      >
        <span>
          <span
            className="react-loading-skeleton css-1eg0sfo-skeletonStyles-Skeleton"
            style={Object {}}
          >
            ‌
          </span>
        </span>
      </h1>
      <p>
        <span>
          <span
            className="react-loading-skeleton css-1eg0sfo-skeletonStyles-Skeleton"
            style={Object {}}
          >
            ‌
          </span>
        </span>
      </p>
      <p
        className="lead my-3"
      >
        <span>
          <span
            className="react-loading-skeleton css-1eg0sfo-skeletonStyles-Skeleton"
            style={Object {}}
          >
            ‌
          </span>
          <span
            className="react-loading-skeleton css-1eg0sfo-skeletonStyles-Skeleton"
            style={Object {}}
          >
            ‌
          </span>
        </span>
      </p>
    </div>
  </div>
</div>
`;
